gthr-default.h:229:1:int __gthread_key_delete(__gthread_key_t)	16	static
STM32F407xx_gpio.cpp:90:6:void gpio_handl_t::GPIO_PeripheralClockControle(GPIO_TypeDef*, uint8_t)	24	static
STM32F407xx_gpio.cpp:190:6:void gpio_handl_t::GPIO_Init(gpio_handl_t&)	24	static
STM32F407xx_gpio.cpp:276:6:void gpio_handl_t::GPIO_DeInit(GPIO_TypeDef*)	16	static
STM32F407xx_gpio.cpp:330:9:uint8_t gpio_handl_t::GPIO_ReadFromInputPin(GPIO_TypeDef*, uint8_t)	32	static
STM32F407xx_gpio.cpp:354:11:uint16_t gpio_handl_t::GPIO_ReadFromInputPort(GPIO_TypeDef*)	24	static
STM32F407xx_gpio.cpp:381:7:void gpio_handl_t::GPIO_WriteToOutputPin(GPIO_TypeDef*, uint8_t, uint8_t)	24	static
STM32F407xx_gpio.cpp:407:7:void gpio_handl_t::GPIO_WriteToOutputPort(GPIO_TypeDef*, uint16_t)	24	static
STM32F407xx_gpio.cpp:427:7:void gpio_handl_t::GPIO_ToggleOutPutPin(GPIO_TypeDef*, uint8_t)	24	static
STM32F407xx_gpio.cpp:450:7:void gpio_handl_t::GPIO_IRQConfig(uint8_t, uint8_t, uint8_t)	16	static
STM32F407xx_gpio.cpp:471:6:void gpio_handl_t::GPIO_IRQHandling(uint8_t)	16	static
STM32F407xx_gpio.cpp:475:6:void gpio_handl_t::my_delay()	24	static
STM32F407xx_gpio.cpp:480:1:void __static_initialization_and_destruction_0(int, int)	16	static
STM32F407xx_gpio.cpp:480:1:cpp)	8	static
STM32F407xx_gpio.cpp:480:1:cpp)	8	static
